// Jest Snapshot v1, https://goo.gl/fbAQLP

exports[`card can render a card 1`] = `
<div>
  


  <div
    class="card"
  >
    
  
            


  

    <img
      alt="This is the card image's alt text"
      class="image"
      src="https://placeimg.com/1280/720/nature"
    />
    
        
  
    <div
      class="card__content"
    >
      
    
          
      Civic demo card overridden testse
      


      <h2
        class="card__heading"
      >
        
      


        <a
          class="card__heading-link"
          href="#"
        >
          
      This is the card heading
  
        </a>
        
  
      </h2>
      
      
        
          


      <h3
        class="card__subheading"
      >
        
      Curabitur non nulla sit amet nisl tempus convallis quis ac lectus
  
      </h3>
      
        
          




      <button
        class="card__button"
      >
        
      CTA text
  
      </button>
      
        
          


      <p
        class="card__body"
      >
        
      ellentesque in ipsum id orci porta dapibus. Mauris blandit aliquet elit, eget tincidunt nibh pulvinar a. Mauris blandit aliquet elit, eget tincidunt nibh pulvinar a.
  
      </p>
      
        
          


      <a
        class="card__link"
        href="#"
      >
        
      Read more about this card
  
      </a>
      
      
    </div>
    

  </div>
  

</div>
`;

exports[`card can render a card with a background 1`] = `
<div>
  


  <div
    class="card card--bg"
  >
    
  
          
  
    <div
      class="card__content"
    >
      
    
        
        
        
        
      
    </div>
    

  </div>
  

</div>
`;
