// Jest Snapshot v1, https://goo.gl/fbAQLP

exports[`cta can render a cta 1`] = `
<div>
  <div
    class="cta"
  >
    
  
    <h2>
      This is a reason to act
    </h2>
    
  




    <button
      class="button"
    >
      
      Click here
  
    </button>
    

  </div>
  

</div>
`;
